ظû▓ Next.js 16.1.1 (Turbopack)

  Creating an optimized production build ...
